20
2 29 65
4 27 60 9 22
4 53 2 55 33
4 19 18 77 30
4 66 71 68 56
4 3 24 40 45
4 47 36 32 12
4 72 28 57 5
4 1 23 70 76
4 52 43 10 26
4 64 20 51 78
4 6 62 74 4
4 13 80 39 8
4 50 49 58 17
4 79 61 69 35
4 59 73 41 38
4 16 44 25 37
4 15 42 31 63
5 48 75 54 67 34
5 21 14 11 46 7
