11
1 18
1 21
4 38 36 33 34
4 31 26 29 30
4 19 12 14 1
4 27 13 28 17
4 39 5 2 7
4 3 22 4 11
4 20 6 16 32
5 23 9 10 40 24
5 25 8 37 15 35
