26
1 22
2 17 14
4 77 64 39 73
4 58 72 44 98
4 18 37 20 74
4 86 15 52 49
4 31 61 76 27
4 70 6 80 53
4 23 63 75 32
4 81 92 87 43
4 25 36 79 67
4 30 59 90 29
4 16 42 55 84
4 85 100 10 94
4 71 89 1 41
4 9 54 95 82
4 24 62 34 33
4 5 88 96 21
4 12 47 57 48
4 3 50 83 68
4 40 26 91 4
4 69 56 46 2
4 97 65 78 19
4 8 93 45 66
4 99 7 38 11
5 60 51 13 35 28
