5
4 9 6 11 15
4 8 10 7 5
4 20 17 13 4
4 14 2 12 3
4 19 1 18 16
