15
2 19 56
4 16 29 44 6
4 28 49 7 53
4 5 24 50 51
4 4 15 30 13
4 34 33 52 38
4 58 48 20 32
4 40 18 25 45
4 22 8 60 46
4 1 59 57 54
4 27 35 31 2
4 39 36 26 9
4 23 11 37 14
4 43 12 42 17
6 21 55 47 41 3 10
